// Jest Snapshot v1, https://goo.gl/fbAQLP

exports[`App should match the snapshot 1`] = `
ShallowWrapper {
  Symbol(enzyme.__root__): [Circular],
  Symbol(enzyme.__unrendered__): <App
    getWeather={[MockFunction]}
    setLocation={[MockFunction]}
    setconditions={[MockFunction]}
    snakeCase={[MockFunction]}
  />,
  Symbol(enzyme.__renderer__): Object {
    "batchedUpdates": [Function],
    "getNode": [Function],
    "render": [Function],
    "simulateError": [Function],
    "simulateEvent": [Function],
    "unmount": [Function],
  },
  Symbol(enzyme.__node__): Object {
    "instance": null,
    "key": undefined,
    "nodeType": "host",
    "props": Object {
      "children": Array [
        <h1
          className="title"
        >
          Find Your Weather
        </h1>,
        <div
          className="search-display"
        >
          <Search
            setLocalStorage={[Function]}
            setLocation={[Function]}
          />
          <Display
            conditions={Object {}}
          />
          <a
            className="App-link"
            href="https://darksky.net/poweredby/"
            rel="noopener noreferrer"
            target="_blank"
          >
            Powered by Dark Sky
          </a>
        </div>,
      ],
      "className": "medium-app",
    },
    "ref": null,
    "rendered": Array [
      Object {
        "instance": null,
        "key": undefined,
        "nodeType": "host",
        "props": Object {
          "children": "Find Your Weather",
          "className": "title",
        },
        "ref": null,
        "rendered": "Find Your Weather",
        "type": "h1",
      },
      Object {
        "instance": null,
        "key": undefined,
        "nodeType": "host",
        "props": Object {
          "children": Array [
            <Search
              setLocalStorage={[Function]}
              setLocation={[Function]}
            />,
            <Display
              conditions={Object {}}
            />,
            <a
              className="App-link"
              href="https://darksky.net/poweredby/"
              rel="noopener noreferrer"
              target="_blank"
            >
              Powered by Dark Sky
            </a>,
          ],
          "className": "search-display",
        },
        "ref": null,
        "rendered": Array [
          Object {
            "instance": null,
            "key": undefined,
            "nodeType": "class",
            "props": Object {
              "setLocalStorage": [Function],
              "setLocation": [Function],
            },
            "ref": null,
            "rendered": null,
            "type": [Function],
          },
          Object {
            "instance": null,
            "key": undefined,
            "nodeType": "function",
            "props": Object {
              "conditions": Object {},
            },
            "ref": null,
            "rendered": null,
            "type": [Function],
          },
          Object {
            "instance": null,
            "key": undefined,
            "nodeType": "host",
            "props": Object {
              "children": "Powered by Dark Sky",
              "className": "App-link",
              "href": "https://darksky.net/poweredby/",
              "rel": "noopener noreferrer",
              "target": "_blank",
            },
            "ref": null,
            "rendered": "Powered by Dark Sky",
            "type": "a",
          },
        ],
        "type": "div",
      },
    ],
    "type": "div",
  },
  Symbol(enzyme.__nodes__): Array [
    Object {
      "instance": null,
      "key": undefined,
      "nodeType": "host",
      "props": Object {
        "children": Array [
          <h1
            className="title"
          >
            Find Your Weather
          </h1>,
          <div
            className="search-display"
          >
            <Search
              setLocalStorage={[Function]}
              setLocation={[Function]}
            />
            <Display
              conditions={Object {}}
            />
            <a
              className="App-link"
              href="https://darksky.net/poweredby/"
              rel="noopener noreferrer"
              target="_blank"
            >
              Powered by Dark Sky
            </a>
          </div>,
        ],
        "className": "medium-app",
      },
      "ref": null,
      "rendered": Array [
        Object {
          "instance": null,
          "key": undefined,
          "nodeType": "host",
          "props": Object {
            "children": "Find Your Weather",
            "className": "title",
          },
          "ref": null,
          "rendered": "Find Your Weather",
          "type": "h1",
        },
        Object {
          "instance": null,
          "key": undefined,
          "nodeType": "host",
          "props": Object {
            "children": Array [
              <Search
                setLocalStorage={[Function]}
                setLocation={[Function]}
              />,
              <Display
                conditions={Object {}}
              />,
              <a
                className="App-link"
                href="https://darksky.net/poweredby/"
                rel="noopener noreferrer"
                target="_blank"
              >
                Powered by Dark Sky
              </a>,
            ],
            "className": "search-display",
          },
          "ref": null,
          "rendered": Array [
            Object {
              "instance": null,
              "key": undefined,
              "nodeType": "class",
              "props": Object {
                "setLocalStorage": [Function],
                "setLocation": [Function],
              },
              "ref": null,
              "rendered": null,
              "type": [Function],
            },
            Object {
              "instance": null,
              "key": undefined,
              "nodeType": "function",
              "props": Object {
                "conditions": Object {},
              },
              "ref": null,
              "rendered": null,
              "type": [Function],
            },
            Object {
              "instance": null,
              "key": undefined,
              "nodeType": "host",
              "props": Object {
                "children": "Powered by Dark Sky",
                "className": "App-link",
                "href": "https://darksky.net/poweredby/",
                "rel": "noopener noreferrer",
                "target": "_blank",
              },
              "ref": null,
              "rendered": "Powered by Dark Sky",
              "type": "a",
            },
          ],
          "type": "div",
        },
      ],
      "type": "div",
    },
  ],
  Symbol(enzyme.__options__): Object {
    "adapter": ReactSixteenAdapter {
      "options": Object {
        "enableComponentDidUpdateOnSetState": true,
        "lifecycles": Object {
          "componentDidUpdate": Object {
            "onSetState": true,
          },
          "getDerivedStateFromProps": true,
          "getSnapshotBeforeUpdate": true,
          "setState": Object {
            "skipsComponentDidUpdateOnNullish": true,
          },
        },
      },
    },
  },
}
`;
